<html>
<body>
<pre>
<h1>µVision Build Log</h1>
<h2>Tool Versions:</h2>
IDE-Version: ¦ÌVision V5.27.1.0
Copyright (C) 2019 ARM Ltd and ARM Germany GmbH. All rights reserved.
License Information: Shawn MMFAE-Shawn, CZXY, LIC=FYKZ9-47C8N-X7RRZ-J0A7W-84HUW-U4S2E
 
Tool Versions:
Toolchain:       MDK-ARM Plus  Version: 5.27.1.0
Toolchain Path:  C:\Keil_v5\ARM\ARMCC\Bin
C Compiler:      Armcc.exe V5.06 update 6 (build 750)
Assembler:       Armasm.exe V5.06 update 6 (build 750)
Linker/Locator:  ArmLink.exe V5.06 update 6 (build 750)
Library Manager: ArmAr.exe V5.06 update 6 (build 750)
Hex Converter:   FromElf.exe V5.06 update 6 (build 750)
CPU DLL:         SARMCM3.DLL V5.27.1.0
Dialog DLL:      DARMCM1.DLL V1.19.2.0
Target DLL:      CMSIS_AGDI.dll V1.31.17.0
Dialog DLL:      TARMCM1.DLL V1.14.1.0
 
<h2>Project:</h2>
E:\×ÀÃæ\MM32SPIN2x_IAP\Bootload\KEIL_PRJ\MM32SPIN2xxDemo.uvprojx
Project File Date:  04/11/2019

<h2>Output:</h2>
*** Using Compiler 'V5.06 update 6 (build 750)', folder: 'C:\Keil_v5\ARM\ARMCC\Bin'
Build target 'SPIN27Demo'
compiling flash_op.c...
linking...
Program Size: Code=8300 RO-data=212 RW-data=56 ZI-data=4552  
FromELF: creating hex file...
".\Objects\SPIN27Demo.axf" - 0 Error(s), 0 Warning(s).

<h2>Software Packages used:</h2>

Package Vendor: MindMotion
                http://www.mindmotion.com.cn/Download/MDK_KEIL/MindMotion.MM32SPIN2x_DFP.1.1.1.pack
                MindMotion.MM32SPIN2x_DFP.1.1.1
                MindMotion MM32SPIN2x Series Device Support, Drivers and Examples

<h2>Collection of Component include folders:</h2>
  .\RTE\_SPIN27Demo
  C:\Keil_v5\ARM\PACK\MindMotion\MM32SPIN2x_DFP\1.1.1\Device\MM32SPIN_XX\Include

<h2>Collection of Component Files used:</h2>
Build Time Elapsed:  00:00:01
</pre>
</body>
</html>
